// Vitest Snapshot v1, https://vitest.dev/guide/snapshot.html

exports[`Signup Tests > should render the signup page 1`] = `<Signup />`;
