// Vitest Snapshot v1, https://vitest.dev/guide/snapshot.html

exports[`tests > should render component 1`] = `<App />`;
